**********************
Windows PowerShell transcript start
Start time: 20221026131110
Username: LAPTOP-HN1SQQQA\emkas
RunAs User: LAPTOP-HN1SQQQA\emkas
Configuration Name: 
Machine: LAPTOP-HN1SQQQA (Microsoft Windows NT 10.0.19044.0)
Host Application: C:\Windows\System32\WindowsPowerShell\v1.0\powershell.exe
Process ID: 5556
PSVersion: 5.1.19041.1682
PSEdition: Desktop
PSCompatibleVersions: 1.0, 2.0, 3.0, 4.0, 5.0, 5.1.19041.1682
BuildVersion: 10.0.19041.1682
CLRVersion: 4.0.30319.42000
WSManStackVersion: 3.0
PSRemotingProtocolVersion: 2.3
SerializationVersion: 1.1.0.1
**********************
Transcript started, output file is C:\Users\emkas\OneDrive\Documents\PowerShell_transcript.LAPTOP-HN1SQQQA.cg593wRu.20221026131110.txt
PS C:\Users\emkas\Onedrive\desktop\CISC-3140> sh build.sh
sh : The term 'sh' is not recognized as the name of a cmdlet, function, script file, or operable program. Check the 
spelling of the name, or if a path was included, verify that the path is correct and try again.
At line:1 char:1
+ sh build.sh
+ ~~
    + CategoryInfo          : ObjectNotFound: (sh:String) [], CommandNotFoundException
    + FullyQualifiedErrorId : CommandNotFoundException
sh : The term 'sh' is not recognized as the name of a cmdlet, function, script file, or operable program. Check the
spelling of the name, or if a path was included, verify that the path is correct and try again.
At line:1 char:1
+ sh build.sh
+ ~~
    + CategoryInfo          : ObjectNotFound: (sh:String) [], CommandNotFoundException
    + FullyQualifiedErrorId : CommandNotFoundException

PS C:\Users\emkas\Onedrive\desktop\CISC-3140> sh daycount2.sh
sh : The term 'sh' is not recognized as the name of a cmdlet, function, script file, or operable program. Check the 
spelling of the name, or if a path was included, verify that the path is correct and try again.
At line:1 char:1
+ sh daycount2.sh
+ ~~
    + CategoryInfo          : ObjectNotFound: (sh:String) [], CommandNotFoundException
    + FullyQualifiedErrorId : CommandNotFoundException
sh : The term 'sh' is not recognized as the name of a cmdlet, function, script file, or operable program. Check the
spelling of the name, or if a path was included, verify that the path is correct and try again.
At line:1 char:1
+ sh daycount2.sh
+ ~~
    + CategoryInfo          : ObjectNotFound: (sh:String) [], CommandNotFoundException
    + FullyQualifiedErrorId : CommandNotFoundException

PS C:\Users\emkas\Onedrive\desktop\CISC-3140> javac 3140HW1JAVA.java
error: file not found: 3140HW1JAVA.java
Usage: javac <options> <source files>
use --help for a list of possible options
PS C:\Users\emkas\Onedrive\desktop\CISC-3140> java 3140HW1JAVA
Error: Could not find or load main class 3140HW1JAVA
Caused by: java.lang.ClassNotFoundException: 3140HW1JAVA
PS C:\Users\emkas\Onedrive\desktop\CISC-3140> stop-transcript
**********************
Windows PowerShell transcript end
End time: 20221026131142
**********************
